lcd_driver.c:39:6:lcd_write_byte	16	static
lcd_driver.c:51:6:lcd_write_word	24	static
lcd_driver.c:62:13:lcd_write_register	16	static
lcd_driver.c:71:6:lcd_set_cursor	16	static
lcd_driver.c:104:6:lcd_clear_screen	32	static
lcd_driver.c:134:6:lcd_write_ram_prepare	8	static
lcd_driver.c:143:6:lcd_write_ram	16	static
lcd_driver.c:148:6:lcd_set_window	24	static
lcd_driver.c:239:6:lcd_draw_point	16	static
lcd_driver.c:253:6:lcd_display_char	32	static
lcd_driver.c:285:17:_pow	24	static
lcd_driver.c:294:6:lcd_display_num	48	static
lcd_driver.c:319:6:lcd_display_string	40	static
lcd_driver.c:341:6:lcd_draw_line	56	static
lcd_driver.c:368:6:lcd_draw_circle	40	static
lcd_driver.c:390:6:lcd_fill_rect	32	static
lcd_driver.c:406:6:lcd_draw_v_line	32	static
lcd_driver.c:419:6:lcd_draw_h_line	32	static
lcd_driver.c:431:6:lcd_draw_rect	24	static
lcd_driver.c:444:6:setRotation	16	static
lcd_driver.c:528:6:lcd_init	8	static
lcd_driver.c:657:9:lcd_read_id	24	static
