C:\projects\PUA_Lab1_Baranek\Logical\Global.typ
C:\projects\PUA_Lab1_Baranek\Logical\Global.var
C:\projects\PUA_Lab1_Baranek\Logical\Libraries\operator\operator.fun
C:\projects\PUA_Lab1_Baranek\Logical\Libraries\operator\operator.typ
C:\projects\PUA_Lab1_Baranek\Logical\Libraries\operator\operator.var
C:\projects\PUA_Lab1_Baranek\Logical\Libraries\runtime\runtime.fun
C:\projects\PUA_Lab1_Baranek\Logical\Libraries\runtime\runtime.typ
C:\projects\PUA_Lab1_Baranek\Logical\Libraries\runtime\runtime.var
C:\projects\PUA_Lab1_Baranek\Logical\Libraries\astime\astime.fun
C:\projects\PUA_Lab1_Baranek\Logical\Libraries\astime\astime.typ
C:\projects\PUA_Lab1_Baranek\Logical\Libraries\astime\astime.var
C:\projects\PUA_Lab1_Baranek\Logical\Libraries\AsIecCon\AsIecCon.fun
C:\projects\PUA_Lab1_Baranek\Logical\Libraries\AsIecCon\AsIecCon.typ
C:\projects\PUA_Lab1_Baranek\Logical\Libraries\AsIecCon\AsIecCon.var
C:\projects\PUA_Lab1_Baranek\Logical\Libraries\standard\standard.fun
C:\projects\PUA_Lab1_Baranek\Logical\Libraries\standard\standard.typ
C:\projects\PUA_Lab1_Baranek\Logical\Libraries\standard\standard.var
