Archive member included to satisfy reference by file (symbol)

c:/st/stm32cubeide_1.7.0/stm32cubeide/plugins/com.st.stm32cube.ide.mcu.externaltools.gnu-tools-for-stm32.9-2020-q2-update.win32_2.0.0.202105311346/tools/bin/../lib/gcc/arm-none-eabi/9.3.1/../../../../arm-none-eabi/lib/thumb/v7e-m+fp/hard\libc_nano.a(lib_a-errno.o)
                              ./Core/Src/syscalls.o (__errno)
c:/st/stm32cubeide_1.7.0/stm32cubeide/plugins/com.st.stm32cube.ide.mcu.externaltools.gnu-tools-for-stm32.9-2020-q2-update.win32_2.0.0.202105311346/tools/bin/../lib/gcc/arm-none-eabi/9.3.1/../../../../arm-none-eabi/lib/thumb/v7e-m+fp/hard\libc_nano.a(lib_a-exit.o)
                              c:/st/stm32cubeide_1.7.0/stm32cubeide/plugins/com.st.stm32cube.ide.mcu.externaltools.gnu-tools-for-stm32.9-2020-q2-update.win32_2.0.0.202105311346/tools/bin/../lib/gcc/arm-none-eabi/9.3.1/../../../../arm-none-eabi/lib/thumb/v7e-m+fp/hard/crt0.o (exit)
c:/st/stm32cubeide_1.7.0/stm32cubeide/plugins/com.st.stm32cube.ide.mcu.externaltools.gnu-tools-for-stm32.9-2020-q2-update.win32_2.0.0.202105311346/tools/bin/../lib/gcc/arm-none-eabi/9.3.1/../../../../arm-none-eabi/lib/thumb/v7e-m+fp/hard\libc_nano.a(lib_a-impure.o)
                              c:/st/stm32cubeide_1.7.0/stm32cubeide/plugins/com.st.stm32cube.ide.mcu.externaltools.gnu-tools-for-stm32.9-2020-q2-update.win32_2.0.0.202105311346/tools/bin/../lib/gcc/arm-none-eabi/9.3.1/../../../../arm-none-eabi/lib/thumb/v7e-m+fp/hard\libc_nano.a(lib_a-exit.o) (_global_impure_ptr)
c:/st/stm32cubeide_1.7.0/stm32cubeide/plugins/com.st.stm32cube.ide.mcu.externaltools.gnu-tools-for-stm32.9-2020-q2-update.win32_2.0.0.202105311346/tools/bin/../lib/gcc/arm-none-eabi/9.3.1/../../../../arm-none-eabi/lib/thumb/v7e-m+fp/hard\libc_nano.a(lib_a-init.o)
                              c:/st/stm32cubeide_1.7.0/stm32cubeide/plugins/com.st.stm32cube.ide.mcu.externaltools.gnu-tools-for-stm32.9-2020-q2-update.win32_2.0.0.202105311346/tools/bin/../lib/gcc/arm-none-eabi/9.3.1/../../../../arm-none-eabi/lib/thumb/v7e-m+fp/hard/crt0.o (__libc_init_array)
c:/st/stm32cubeide_1.7.0/stm32cubeide/plugins/com.st.stm32cube.ide.mcu.externaltools.gnu-tools-for-stm32.9-2020-q2-update.win32_2.0.0.202105311346/tools/bin/../lib/gcc/arm-none-eabi/9.3.1/../../../../arm-none-eabi/lib/thumb/v7e-m+fp/hard\libc_nano.a(lib_a-memset.o)
                              c:/st/stm32cubeide_1.7.0/stm32cubeide/plugins/com.st.stm32cube.ide.mcu.externaltools.gnu-tools-for-stm32.9-2020-q2-update.win32_2.0.0.202105311346/tools/bin/../lib/gcc/arm-none-eabi/9.3.1/../../../../arm-none-eabi/lib/thumb/v7e-m+fp/hard/crt0.o (memset)

Allocating common symbols
Common symbol       size              file

uwTick              0x4               ./Drivers/STM32F3xx_HAL_Driver/Src/stm32f3xx_hal.o
pFlash              0x20              ./Drivers/STM32F3xx_HAL_Driver/Src/stm32f3xx_hal_flash.o
hspi1               0x64              ./Core/Src/spi.o
huart2              0x84              ./Core/Src/usart.o
lcd_id              0x1               ./Core/Src/lcd_driver.o

Discarded input sections

 .text          0x0000000000000000        0x0 c:/st/stm32cubeide_1.7.0/stm32cubeide/plugins/com.st.stm32cube.ide.mcu.externaltools.gnu-tools-for-stm32.9-2020-q2-update.win32_2.0.0.202105311346/tools/bin/../lib/gcc/arm-none-eabi/9.3.1/thumb/v7e-m+fp/hard/crti.o
 .data          0x0000000000000000        0x0 c:/st/stm32cubeide_1.7.0/stm32cubeide/plugins/com.st.stm32cube.ide.mcu.externaltools.gnu-tools-for-stm32.9-2020-q2-update.win32_2.0.0.202105311346/tools/bin/../lib/gcc/arm-none-eabi/9.3.1/thumb/v7e-m+fp/hard/crti.o
 .bss           0x0000000000000000        0x0 c:/st/stm32cubeide_1.7.0/stm32cubeide/plugins/com.st.stm32cube.ide.mcu.externaltools.gnu-tools-for-stm32.9-2020-q2-update.win32_2.0.0.202105311346/tools/bin/../lib/gcc/arm-none-eabi/9.3.1/thumb/v7e-m+fp/hard/crti.o
 .data          0x0000000000000000        0x4 c:/st/stm32cubeide_1.7.0/stm32cubeide/plugins/com.st.stm32cube.ide.mcu.externaltools.gnu-tools-for-stm32.9-2020-q2-update.win32_2.0.0.202105311346/tools/bin/../lib/gcc/arm-none-eabi/9.3.1/thumb/v7e-m+fp/hard/crtbegin.o
 .text          0x0000000000000000       0x7c c:/st/stm32cubeide_1.7.0/stm32cubeide/plugins/com.st.stm32cube.ide.mcu.externaltools.gnu-tools-for-stm32.9-2020-q2-update.win32_2.0.0.202105311346/tools/bin/../lib/gcc/arm-none-eabi/9.3.1/../../../../arm-none-eabi/lib/thumb/v7e-m+fp/hard/crt0.o
 .data          0x0000000000000000        0x0 c:/st/stm32cubeide_1.7.0/stm32cubeide/plugins/com.st.stm32cube.ide.mcu.externaltools.gnu-tools-for-stm32.9-2020-q2-update.win32_2.0.0.202105311346/tools/bin/../lib/gcc/arm-none-eabi/9.3.1/../../../../arm-none-eabi/lib/thumb/v7e-m+fp/hard/crt0.o
[...]
Memory Configuration

Name             Origin             Length             Attributes
CCMRAM           0x0000000010000000 0x0000000000004000 xrw
RAM              0x0000000020000000 0x0000000000010000 xrw
FLASH            0x0000000008000000 0x0000000000080000 xr
*default*        0x0000000000000000 0xffffffffffffffff

Linker script and memory map

LOAD c:/st/stm32cubeide_1.7.0/stm32cubeide/plugins/com.st.stm32cube.ide.mcu.externaltools.gnu-tools-for-stm32.9-2020-q2-update.win32_2.0.0.202105311346/tools/bin/../lib/gcc/arm-none-eabi/9.3.1/thumb/v7e-m+fp/hard/crti.o
LOAD c:/st/stm32cubeide_1.7.0/stm32cubeide/plugins/com.st.stm32cube.ide.mcu.externaltools.gnu-tools-for-stm32.9-2020-q2-update.win32_2.0.0.202105311346/tools/bin/../lib/gcc/arm-none-eabi/9.3.1/thumb/v7e-m+fp/hard/crtbegin.o
LOAD c:/st/stm32cubeide_1.7.0/stm32cubeide/plugins/com.st.stm32cube.ide.mcu.externaltools.gnu-tools-for-stm32.9-2020-q2-update.win32_2.0.0.202105311346/tools/bin/../lib/gcc/arm-none-eabi/9.3.1/../../../../arm-none-eabi/lib/thumb/v7e-m+fp/hard/crt0.o
LOAD ./Core/Src/Fonts.o
LOAD ./Core/Src/gpio.o
LOAD ./Core/Src/lcd_driver.o
LOAD ./Core/Src/main.o
LOAD ./Core/Src/spi.o
LOAD ./Core/Src/stm32f3xx_hal_msp.o
LOAD ./Core/Src/stm32f3xx_it.o
LOAD ./Core/Src/syscalls.o
LOAD ./Core/Src/sysmem.o
LOAD ./Core/Src/system_stm32f3xx.o
LOAD ./Core/Src/usart.o
LOAD ./Core/Startup/startup_stm32f303retx.o
LOAD ./Drivers/STM32F3xx_HAL_Driver/Src/stm32f3xx_hal.o
LOAD ./Drivers/STM32F3xx_HAL_Driver/Src/stm32f3xx_hal_cortex.o
LOAD ./Drivers/STM32F3xx_HAL_Driver/Src/stm32f3xx_hal_dma.o
LOAD ./Drivers/STM32F3xx_HAL_Driver/Src/stm32f3xx_hal_exti.o
LOAD ./Drivers/STM32F3xx_HAL_Driver/Src/stm32f3xx_hal_flash.o
LOAD ./Drivers/STM32F3xx_HAL_Driver/Src/stm32f3xx_hal_flash_ex.o
LOAD ./Drivers/STM32F3xx_HAL_Driver/Src/stm32f3xx_hal_gpio.o
LOAD ./Drivers/STM32F3xx_HAL_Driver/Src/stm32f3xx_hal_i2c.o
LOAD ./Drivers/STM32F3xx_HAL_Driver/Src/stm32f3xx_hal_i2c_ex.o
LOAD ./Drivers/STM32F3xx_HAL_Driver/Src/stm32f3xx_hal_pwr.o
LOAD ./Drivers/STM32F3xx_HAL_Driver/Src/stm32f3xx_hal_pwr_ex.o
LOAD ./Drivers/STM32F3xx_HAL_Driver/Src/stm32f3xx_hal_rcc.o
LOAD ./Drivers/STM32F3xx_HAL_Driver/Src/stm32f3xx_hal_rcc_ex.o
LOAD ./Drivers/STM32F3xx_HAL_Driver/Src/stm32f3xx_hal_spi.o
LOAD ./Drivers/STM32F3xx_HAL_Driver/Src/stm32f3xx_hal_spi_ex.o
LOAD ./Drivers/STM32F3xx_HAL_Driver/Src/stm32f3xx_hal_tim.o
LOAD ./Drivers/STM32F3xx_HAL_Driver/Src/stm32f3xx_hal_tim_ex.o
LOAD ./Drivers/STM32F3xx_HAL_Driver/Src/stm32f3xx_hal_uart.o
LOAD ./Drivers/STM32F3xx_HAL_Driver/Src/stm32f3xx_hal_uart_ex.o
START GROUP
LOAD c:/st/stm32cubeide_1.7.0/stm32cubeide/plugins/com.st.stm32cube.ide.mcu.externaltools.gnu-tools-for-stm32.9-2020-q2-update.win32_2.0.0.202105311346/tools/bin/../lib/gcc/arm-none-eabi/9.3.1/../../../../arm-none-eabi/lib/thumb/v7e-m+fp/hard\libc_nano.a
LOAD c:/st/stm32cubeide_1.7.0/stm32cubeide/plugins/com.st.stm32cube.ide.mcu.externaltools.gnu-tools-for-stm32.9-2020-q2-update.win32_2.0.0.202105311346/tools/bin/../lib/gcc/arm-none-eabi/9.3.1/../../../../arm-none-eabi/lib/thumb/v7e-m+fp/hard\libm.a
END GROUP
START GROUP
LOAD c:/st/stm32cubeide_1.7.0/stm32cubeide/plugins/com.st.stm32cube.ide.mcu.externaltools.gnu-tools-for-stm32.9-2020-q2-update.win32_2.0.0.202105311346/tools/bin/../lib/gcc/arm-none-eabi/9.3.1/thumb/v7e-m+fp/hard\libgcc.a
LOAD c:/st/stm32cubeide_1.7.0/stm32cubeide/plugins/com.st.stm32cube.ide.mcu.externaltools.gnu-tools-for-stm32.9-2020-q2-update.win32_2.0.0.202105311346/tools/bin/../lib/gcc/arm-none-eabi/9.3.1/../../../../arm-none-eabi/lib/thumb/v7e-m+fp/hard\libc_nano.a
END GROUP
START GROUP
LOAD c:/st/stm32cubeide_1.7.0/stm32cubeide/plugins/com.st.stm32cube.ide.mcu.externaltools.gnu-tools-for-stm32.9-2020-q2-update.win32_2.0.0.202105311346/tools/bin/../lib/gcc/arm-none-eabi/9.3.1/thumb/v7e-m+fp/hard\libgcc.a
LOAD c:/st/stm32cubeide_1.7.0/stm32cubeide/plugins/com.st.stm32cube.ide.mcu.externaltools.gnu-tools-for-stm32.9-2020-q2-update.win32_2.0.0.202105311346/tools/bin/../lib/gcc/arm-none-eabi/9.3.1/../../../../arm-none-eabi/lib/thumb/v7e-m+fp/hard\libc_nano.a
LOAD c:/st/stm32cubeide_1.7.0/stm32cubeide/plugins/com.st.stm32cube.ide.mcu.externaltools.gnu-tools-for-stm32.9-2020-q2-update.win32_2.0.0.202105311346/tools/bin/../lib/gcc/arm-none-eabi/9.3.1/../../../../arm-none-eabi/lib/thumb/v7e-m+fp/hard\libnosys.a
END GROUP
START GROUP
LOAD c:/st/stm32cubeide_1.7.0/stm32cubeide/plugins/com.st.stm32cube.ide.mcu.externaltools.gnu-tools-for-stm32.9-2020-q2-update.win32_2.0.0.202105311346/tools/bin/../lib/gcc/arm-none-eabi/9.3.1/thumb/v7e-m+fp/hard\libgcc.a
LOAD c:/st/stm32cubeide_1.7.0/stm32cubeide/plugins/com.st.stm32cube.ide.mcu.externaltools.gnu-tools-for-stm32.9-2020-q2-update.win32_2.0.0.202105311346/tools/bin/../lib/gcc/arm-none-eabi/9.3.1/../../../../arm-none-eabi/lib/thumb/v7e-m+fp/hard\libc_nano.a
LOAD c:/st/stm32cubeide_1.7.0/stm32cubeide/plugins/com.st.stm32cube.ide.mcu.externaltools.gnu-tools-for-stm32.9-2020-q2-update.win32_2.0.0.202105311346/tools/bin/../lib/gcc/arm-none-eabi/9.3.1/../../../../arm-none-eabi/lib/thumb/v7e-m+fp/hard\libnosys.a
END GROUP
LOAD c:/st/stm32cubeide_1.7.0/stm32cubeide/plugins/com.st.stm32cube.ide.mcu.externaltools.gnu-tools-for-stm32.9-2020-q2-update.win32_2.0.0.202105311346/tools/bin/../lib/gcc/arm-none-eabi/9.3.1/thumb/v7e-m+fp/hard/crtend.o
LOAD c:/st/stm32cubeide_1.7.0/stm32cubeide/plugins/com.st.stm32cube.ide.mcu.externaltools.gnu-tools-for-stm32.9-2020-q2-update.win32_2.0.0.202105311346/tools/bin/../lib/gcc/arm-none-eabi/9.3.1/thumb/v7e-m+fp/hard/crtn.o
                0x0000000020010000                _estack = (ORIGIN (RAM) + LENGTH (RAM))
                0x0000000000000200                _Min_Heap_Size = 0x200
                0x0000000000000400                _Min_Stack_Size = 0x400

.isr_vector     0x0000000008000000      0x194
                0x0000000008000000                . = ALIGN (0x4)
 *(.isr_vector)
 .isr_vector    0x0000000008000000      0x194 ./Core/Startup/startup_stm32f303retx.o
                0x0000000008000000                g_pfnVectors
                0x0000000008000194                . = ALIGN (0x4)

.text           0x0000000008000194     0x4090
                0x0000000008000194                . = ALIGN (0x4)
 *(.text)
 .text          0x0000000008000194       0x40 c:/st/stm32cubeide_1.7.0/stm32cubeide/plugins/com.st.stm32cube.ide.mcu.externaltools.gnu-tools-for-stm32.9-2020-q2-update.win32_2.0.0.202105311346/tools/bin/../lib/gcc/arm-none-eabi/9.3.1/thumb/v7e-m+fp/hard/crtbegin.o
 *(.text*)
 .text.MX_GPIO_Init
                0x00000000080001d4      0x12c ./Core/Src/gpio.o
                0x00000000080001d4                MX_GPIO_Init
 .text.lcd_write_byte
                0x0000000008000300       0x64 ./Core/Src/lcd_driver.o
                0x0000000008000300                lcd_write_byte
 .text.lcd_write_word
                0x0000000008000364       0x68 ./Core/Src/lcd_driver.o
                0x0000000008000364                lcd_write_word
 .text.lcd_write_register
                0x00000000080003cc       0x2c ./Core/Src/lcd_driver.o
 .text.lcd_set_cursor
                0x00000000080003f8      0x13c ./Core/Src/lcd_driver.o
                0x00000000080003f8                lcd_set_cursor
 .text.lcd_clear_screen
                0x0000000008000534      0x10c ./Core/Src/lcd_driver.o
                0x0000000008000534                lcd_clear_screen
 .text.lcd_draw_point
                0x0000000008000640       0x60 ./Core/Src/lcd_driver.o
                0x0000000008000640                lcd_draw_point
 .text.lcd_draw_circle
                0x00000000080006a0      0x100 ./Core/Src/lcd_driver.o
                0x00000000080006a0                lcd_draw_circle
 .text.setRotation
                0x00000000080007a0      0x1d8 ./Core/Src/lcd_driver.o
                0x00000000080007a0                setRotation
 .text.lcd_init
                0x0000000008000978      0x3dc ./Core/Src/lcd_driver.o
                0x0000000008000978                lcd_init
 .text.lcd_read_id
                0x0000000008000d54       0x60 ./Core/Src/lcd_driver.o
                0x0000000008000d54                lcd_read_id
 .text.main     0x0000000008000db4       0xe0 ./Core/Src/main.o
                0x0000000008000db4                main
 .text.SystemClock_Config
                0x0000000008000e94       0xbc ./Core/Src/main.o
                0x0000000008000e94                SystemClock_Config
 .text.Error_Handler
                0x0000000008000f50        0xa ./Core/Src/main.o
                0x0000000008000f50                Error_Handler
 *fill*         0x0000000008000f5a        0x2 
 .text.MX_SPI1_Init
                0x0000000008000f5c       0x7c ./Core/Src/spi.o
                0x0000000008000f5c                MX_SPI1_Init
 .text.HAL_SPI_MspInit
                0x0000000008000fd8       0x84 ./Core/Src/spi.o
                0x0000000008000fd8                HAL_SPI_MspInit
 .text.HAL_MspInit
                0x000000000800105c       0x48 ./Core/Src/stm32f3xx_hal_msp.o
                0x000000000800105c                HAL_MspInit
 .text.NMI_Handler
                0x00000000080010a4        0x6 ./Core/Src/stm32f3xx_it.o
                0x00000000080010a4                NMI_Handler
 .text.HardFault_Handler
                0x00000000080010aa        0x6 ./Core/Src/stm32f3xx_it.o
                0x00000000080010aa                HardFault_Handler
 .text.MemManage_Handler
                0x00000000080010b0        0x6 ./Core/Src/stm32f3xx_it.o
                0x00000000080010b0                MemManage_Handler
 .text.BusFault_Handler
                0x00000000080010b6        0x6 ./Core/Src/stm32f3xx_it.o
                0x00000000080010b6                BusFault_Handler
 .text.UsageFault_Handler
                0x00000000080010bc        0x6 ./Core/Src/stm32f3xx_it.o
                0x00000000080010bc                UsageFault_Handler
 .text.SVC_Handler
                0x00000000080010c2        0xe ./Core/Src/stm32f3xx_it.o
                0x00000000080010c2                SVC_Handler
 .text.DebugMon_Handler
                0x00000000080010d0        0xe ./Core/Src/stm32f3xx_it.o
                0x00000000080010d0                DebugMon_Handler
 .text.PendSV_Handler
                0x00000000080010de        0xe ./Core/Src/stm32f3xx_it.o
                0x00000000080010de                PendSV_Handler
 .text.SysTick_Handler
                0x00000000080010ec        0xc ./Core/Src/stm32f3xx_it.o
                0x00000000080010ec                SysTick_Handler
 .text.SystemInit
                0x00000000080010f8       0x24 ./Core/Src/system_stm32f3xx.o
                0x00000000080010f8                SystemInit
 .text.MX_USART2_UART_Init
                0x000000000800111c       0x60 ./Core/Src/usart.o
                0x000000000800111c                MX_USART2_UART_Init
 .text.HAL_UART_MspInit
                0x000000000800117c       0x84 ./Core/Src/usart.o
                0x000000000800117c                HAL_UART_MspInit
 .text.Reset_Handler
                0x0000000008001200       0x50 ./Core/Startup/startup_stm32f303retx.o
                0x0000000008001200                Reset_Handler
 .text.Default_Handler
                0x0000000008001250        0x2 ./Core/Startup/startup_stm32f303retx.o
                0x0000000008001250                RTC_Alarm_IRQHandler
                0x0000000008001250                TIM8_TRG_COM_IRQHandler
                0x0000000008001250                TIM8_CC_IRQHandler
                0x0000000008001250                SPI4_IRQHandler
                0x0000000008001250                TIM1_CC_IRQHandler
                0x0000000008001250                USB_HP_IRQHandler
                0x0000000008001250                PVD_IRQHandler
                0x0000000008001250                TAMP_STAMP_IRQHandler
                0x0000000008001250                EXTI3_IRQHandler
                0x0000000008001250                I2C3_ER_IRQHandler
                0x0000000008001250                USB_HP_CAN_TX_IRQHandler
                0x0000000008001250                EXTI0_IRQHandler
                0x0000000008001250                I2C2_EV_IRQHandler
                0x0000000008001250                FPU_IRQHandler
                0x0000000008001250                TIM1_UP_TIM16_IRQHandler
                0x0000000008001250                ADC1_2_IRQHandler
                0x0000000008001250                SPI1_IRQHandler
                0x0000000008001250                CAN_SCE_IRQHandler
                0x0000000008001250                TIM6_DAC_IRQHandler
                0x0000000008001250                TIM8_UP_IRQHandler
                0x0000000008001250                DMA2_Channel2_IRQHandler
                0x0000000008001250                DMA1_Channel4_IRQHandler
                0x0000000008001250                TIM20_TRG_COM_IRQHandler
                0x0000000008001250                USART3_IRQHandler
                0x0000000008001250                DMA1_Channel7_IRQHandler
                0x0000000008001250                UART5_IRQHandler
                0x0000000008001250                ADC3_IRQHandler
                0x0000000008001250                TIM4_IRQHandler
                0x0000000008001250                CAN_RX1_IRQHandler
                0x0000000008001250                DMA2_Channel1_IRQHandler
                0x0000000008001250                I2C1_EV_IRQHandler
                0x0000000008001250                DMA1_Channel6_IRQHandler
                0x0000000008001250                UART4_IRQHandler
                0x0000000008001250                DMA2_Channel4_IRQHandler
                0x0000000008001250                TIM3_IRQHandler
                0x0000000008001250                RCC_IRQHandler
                0x0000000008001250                TIM20_UP_IRQHandler
                0x0000000008001250                DMA1_Channel1_IRQHandler
                0x0000000008001250                Default_Handler
                0x0000000008001250                USBWakeUp_RMP_IRQHandler
                0x0000000008001250                EXTI15_10_IRQHandler
                0x0000000008001250                TIM7_IRQHandler
                0x0000000008001250                I2C3_EV_IRQHandler
                0x0000000008001250                EXTI9_5_IRQHandler
                0x0000000008001250                RTC_WKUP_IRQHandler
                0x0000000008001250                SPI2_IRQHandler
                0x0000000008001250                USB_LP_CAN_RX0_IRQHandler
                0x0000000008001250                DMA2_Channel5_IRQHandler
                0x0000000008001250                DMA1_Channel5_IRQHandler
                0x0000000008001250                USB_LP_IRQHandler
                0x0000000008001250                EXTI4_IRQHandler
                0x0000000008001250                TIM1_TRG_COM_TIM17_IRQHandler
                0x0000000008001250                DMA1_Channel3_IRQHandler
                0x0000000008001250                ADC4_IRQHandler
                0x0000000008001250                WWDG_IRQHandler
                0x0000000008001250                TIM2_IRQHandler
                0x0000000008001250                COMP7_IRQHandler
                0x0000000008001250                COMP1_2_3_IRQHandler
                0x0000000008001250                EXTI1_IRQHandler
                0x0000000008001250                USART2_IRQHandler
                0x0000000008001250                COMP4_5_6_IRQHandler
                0x0000000008001250                TIM20_BRK_IRQHandler
                0x0000000008001250                I2C2_ER_IRQHandler
                0x0000000008001250                DMA1_Channel2_IRQHandler
                0x0000000008001250                TIM8_BRK_IRQHandler
                0x0000000008001250                FLASH_IRQHandler
                0x0000000008001250                TIM20_CC_IRQHandler
                0x0000000008001250                USART1_IRQHandler
                0x0000000008001250                SPI3_IRQHandler
                0x0000000008001250                I2C1_ER_IRQHandler
                0x0000000008001250                FMC_IRQHandler
                0x0000000008001250                USBWakeUp_IRQHandler
                0x0000000008001250                DMA2_Channel3_IRQHandler
                0x0000000008001250                EXTI2_TSC_IRQHandler
                0x0000000008001250                TIM1_BRK_TIM15_IRQHandler
 *fill*         0x0000000008001252        0x2 
 .text.HAL_Init
                0x0000000008001254       0x2c ./Drivers/STM32F3xx_HAL_Driver/Src/stm32f3xx_hal.o
                0x0000000008001254                HAL_Init
 .text.HAL_InitTick
                0x0000000008001280       0x60 ./Drivers/STM32F3xx_HAL_Driver/Src/stm32f3xx_hal.o
                0x0000000008001280                HAL_InitTick
 .text.HAL_IncTick
                0x00000000080012e0       0x28 ./Drivers/STM32F3xx_HAL_Driver/Src/stm32f3xx_hal.o
                0x00000000080012e0                HAL_IncTick
 .text.HAL_GetTick
                0x0000000008001308       0x18 ./Drivers/STM32F3xx_HAL_Driver/Src/stm32f3xx_hal.o
                0x0000000008001308                HAL_GetTick
 .text.HAL_Delay
                0x0000000008001320       0x48 ./Drivers/STM32F3xx_HAL_Driver/Src/stm32f3xx_hal.o
                0x0000000008001320                HAL_Delay
 .text.__NVIC_SetPriorityGrouping
                0x0000000008001368       0x48 ./Drivers/STM32F3xx_HAL_Driver/Src/stm32f3xx_hal_cortex.o
 .text.__NVIC_GetPriorityGrouping
                0x00000000080013b0       0x1c ./Drivers/STM32F3xx_HAL_Driver/Src/stm32f3xx_hal_cortex.o
 .text.__NVIC_SetPriority
                0x00000000080013cc       0x54 ./Drivers/STM32F3xx_HAL_Driver/Src/stm32f3xx_hal_cortex.o
 .text.NVIC_EncodePriority
                0x0000000008001420       0x66 ./Drivers/STM32F3xx_HAL_Driver/Src/stm32f3xx_hal_cortex.o
 *fill*         0x0000000008001486        0x2 
 .text.SysTick_Config
                0x0000000008001488       0x44 ./Drivers/STM32F3xx_HAL_Driver/Src/stm32f3xx_hal_cortex.o
 .text.HAL_NVIC_SetPriorityGrouping
                0x00000000080014cc       0x16 ./Drivers/STM32F3xx_HAL_Driver/Src/stm32f3xx_hal_cortex.o
                0x00000000080014cc                HAL_NVIC_SetPriorityGrouping
 .text.HAL_NVIC_SetPriority
                0x00000000080014e2       0x38 ./Drivers/STM32F3xx_HAL_Driver/Src/stm32f3xx_hal_cortex.o
                0x00000000080014e2                HAL_NVIC_SetPriority
 .text.HAL_SYSTICK_Config
                0x000000000800151a       0x18 ./Drivers/STM32F3xx_HAL_Driver/Src/stm32f3xx_hal_cortex.o
                0x000000000800151a                HAL_SYSTICK_Config
 *fill*         0x0000000008001532        0x2 
 .text.HAL_GPIO_Init
                0x0000000008001534      0x314 ./Drivers/STM32F3xx_HAL_Driver/Src/stm32f3xx_hal_gpio.o
                0x0000000008001534                HAL_GPIO_Init
 .text.HAL_GPIO_WritePin
                0x0000000008001848       0x30 ./Drivers/STM32F3xx_HAL_Driver/Src/stm32f3xx_hal_gpio.o
                0x0000000008001848                HAL_GPIO_WritePin
 .text.HAL_I2CEx_EnableFastModePlus
                0x0000000008001878       0x40 ./Drivers/STM32F3xx_HAL_Driver/Src/stm32f3xx_hal_i2c_ex.o
                0x0000000008001878                HAL_I2CEx_EnableFastModePlus
 .text.HAL_RCC_OscConfig
                0x00000000080018b8      0xe2c ./Drivers/STM32F3xx_HAL_Driver/Src/stm32f3xx_hal_rcc.o
                0x00000000080018b8                HAL_RCC_OscConfig
 .text.HAL_RCC_ClockConfig
                0x00000000080026e4      0x2f8 ./Drivers/STM32F3xx_HAL_Driver/Src/stm32f3xx_hal_rcc.o
                0x00000000080026e4                HAL_RCC_ClockConfig
 .text.HAL_RCC_GetSysClockFreq
                0x00000000080029dc       0xd4 ./Drivers/STM32F3xx_HAL_Driver/Src/stm32f3xx_hal_rcc.o
                0x00000000080029dc                HAL_RCC_GetSysClockFreq
 .text.HAL_RCC_GetHCLKFreq
                0x0000000008002ab0       0x18 ./Drivers/STM32F3xx_HAL_Driver/Src/stm32f3xx_hal_rcc.o
                0x0000000008002ab0                HAL_RCC_GetHCLKFreq
 .text.HAL_RCC_GetPCLK1Freq
                0x0000000008002ac8       0x44 ./Drivers/STM32F3xx_HAL_Driver/Src/stm32f3xx_hal_rcc.o
                0x0000000008002ac8                HAL_RCC_GetPCLK1Freq
 .text.HAL_RCC_GetPCLK2Freq
                0x0000000008002b0c       0x44 ./Drivers/STM32F3xx_HAL_Driver/Src/stm32f3xx_hal_rcc.o
                0x0000000008002b0c                HAL_RCC_GetPCLK2Freq
 .text.HAL_RCCEx_PeriphCLKConfig
                0x0000000008002b50      0x43c ./Drivers/STM32F3xx_HAL_Driver/Src/stm32f3xx_hal_rcc_ex.o
                0x0000000008002b50                HAL_RCCEx_PeriphCLKConfig
 .text.HAL_SPI_Init
                0x0000000008002f8c      0x156 ./Drivers/STM32F3xx_HAL_Driver/Src/stm32f3xx_hal_spi.o
                0x0000000008002f8c                HAL_SPI_Init
 .text.HAL_SPI_Transmit
                0x00000000080030e2      0x2dc ./Drivers/STM32F3xx_HAL_Driver/Src/stm32f3xx_hal_spi.o
                0x00000000080030e2                HAL_SPI_Transmit
 .text.HAL_SPI_TransmitReceive
                0x00000000080033be      0x426 ./Drivers/STM32F3xx_HAL_Driver/Src/stm32f3xx_hal_spi.o
                0x00000000080033be                HAL_SPI_TransmitReceive
 .text.SPI_WaitFlagStateUntilTimeout
                0x00000000080037e4      0x110 ./Drivers/STM32F3xx_HAL_Driver/Src/stm32f3xx_hal_spi.o
 .text.SPI_WaitFifoStateUntilTimeout
                0x00000000080038f4      0x11c ./Drivers/STM32F3xx_HAL_Driver/Src/stm32f3xx_hal_spi.o
 .text.SPI_EndRxTxTransaction
                0x0000000008003a10       0x8c ./Drivers/STM32F3xx_HAL_Driver/Src/stm32f3xx_hal_spi.o
 .text.HAL_UART_Init
                0x0000000008003a9c       0x9c ./Drivers/STM32F3xx_HAL_Driver/Src/stm32f3xx_hal_uart.o
                0x0000000008003a9c                HAL_UART_Init
 .text.UART_SetConfig
                0x0000000008003b38      0x3ac ./Drivers/STM32F3xx_HAL_Driver/Src/stm32f3xx_hal_uart.o
                0x0000000008003b38                UART_SetConfig
 .text.UART_AdvFeatureConfig
                0x0000000008003ee4      0x144 ./Drivers/STM32F3xx_HAL_Driver/Src/stm32f3xx_hal_uart.o
                0x0000000008003ee4                UART_AdvFeatureConfig
 .text.UART_CheckIdleState
                0x0000000008004028       0x92 ./Drivers/STM32F3xx_HAL_Driver/Src/stm32f3xx_hal_uart.o
                0x0000000008004028                UART_CheckIdleState
 .text.UART_WaitOnFlagUntilTimeout
                0x00000000080040ba       0xf8 ./Drivers/STM32F3xx_HAL_Driver/Src/stm32f3xx_hal_uart.o
                0x00000000080040ba                UART_WaitOnFlagUntilTimeout
 *fill*         0x00000000080041b2        0x2 
 .text.__libc_init_array
                0x00000000080041b4       0x48 c:/st/stm32cubeide_1.7.0/stm32cubeide/plugins/com.st.stm32cube.ide.mcu.externaltools.gnu-tools-for-stm32.9-2020-q2-update.win32_2.0.0.202105311346/tools/bin/../lib/gcc/arm-none-eabi/9.3.1/../../../../arm-none-eabi/lib/thumb/v7e-m+fp/hard\libc_nano.a(lib_a-init.o)
                0x00000000080041b4                __libc_init_array
 .text.memset   0x00000000080041fc       0x10 c:/st/stm32cubeide_1.7.0/stm32cubeide/plugins/com.st.stm32cube.ide.mcu.externaltools.gnu-tools-for-stm32.9-2020-q2-update.win32_2.0.0.202105311346/tools/bin/../lib/gcc/arm-none-eabi/9.3.1/../../../../arm-none-eabi/lib/thumb/v7e-m+fp/hard\libc_nano.a(lib_a-memset.o)
                0x00000000080041fc                memset
 *(.glue_7)
 .glue_7        0x000000000800420c        0x0 linker stubs
 *(.glue_7t)
 .glue_7t       0x000000000800420c        0x0 linker stubs
 *(.eh_frame)
 .eh_frame      0x000000000800420c        0x0 c:/st/stm32cubeide_1.7.0/stm32cubeide/plugins/com.st.stm32cube.ide.mcu.externaltools.gnu-tools-for-stm32.9-2020-q2-update.win32_2.0.0.202105311346/tools/bin/../lib/gcc/arm-none-eabi/9.3.1/thumb/v7e-m+fp/hard/crtbegin.o
 *(.init)
 .init          0x000000000800420c        0x4 c:/st/stm32cubeide_1.7.0/stm32cubeide/plugins/com.st.stm32cube.ide.mcu.externaltools.gnu-tools-for-stm32.9-2020-q2-update.win32_2.0.0.202105311346/tools/bin/../lib/gcc/arm-none-eabi/9.3.1/thumb/v7e-m+fp/hard/crti.o
                0x000000000800420c                _init
 .init          0x0000000008004210        0x8 c:/st/stm32cubeide_1.7.0/stm32cubeide/plugins/com.st.stm32cube.ide.mcu.externaltools.gnu-tools-for-stm32.9-2020-q2-update.win32_2.0.0.202105311346/tools/bin/../lib/gcc/arm-none-eabi/9.3.1/thumb/v7e-m+fp/hard/crtn.o
 *(.fini)
 .fini          0x0000000008004218        0x4 c:/st/stm32cubeide_1.7.0/stm32cubeide/plugins/com.st.stm32cube.ide.mcu.externaltools.gnu-tools-for-stm32.9-2020-q2-update.win32_2.0.0.202105311346/tools/bin/../lib/gcc/arm-none-eabi/9.3.1/thumb/v7e-m+fp/hard/crti.o
                0x0000000008004218                _fini
 .fini          0x000000000800421c        0x8 c:/st/stm32cubeide_1.7.0/stm32cubeide/plugins/com.st.stm32cube.ide.mcu.externaltools.gnu-tools-for-stm32.9-2020-q2-update.win32_2.0.0.202105311346/tools/bin/../lib/gcc/arm-none-eabi/9.3.1/thumb/v7e-m+fp/hard/crtn.o
                0x0000000008004224                . = ALIGN (0x4)
                0x0000000008004224                _etext = .

.vfp11_veneer   0x0000000008004224        0x0
 .vfp11_veneer  0x0000000008004224        0x0 linker stubs

.v4_bx          0x0000000008004224        0x0
 .v4_bx         0x0000000008004224        0x0 linker stubs

.iplt           0x0000000008004224        0x0
 .iplt          0x0000000008004224        0x0 c:/st/stm32cubeide_1.7.0/stm32cubeide/plugins/com.st.stm32cube.ide.mcu.externaltools.gnu-tools-for-stm32.9-2020-q2-update.win32_2.0.0.202105311346/tools/bin/../lib/gcc/arm-none-eabi/9.3.1/thumb/v7e-m+fp/hard/crtbegin.o

.rodata         0x0000000008004224       0x38
                0x0000000008004224                . = ALIGN (0x4)
 *(.rodata)
 *(.rodata*)
 .rodata.AHBPrescTable
                0x0000000008004224       0x10 ./Core/Src/system_stm32f3xx.o
                0x0000000008004224                AHBPrescTable
 .rodata.APBPrescTable
                0x0000000008004234        0x8 ./Core/Src/system_stm32f3xx.o
                0x0000000008004234                APBPrescTable
 .rodata.aPLLMULFactorTable
                0x000000000800423c       0x10 ./Drivers/STM32F3xx_HAL_Driver/Src/stm32f3xx_hal_rcc.o
                0x000000000800423c                aPLLMULFactorTable
 .rodata.aPredivFactorTable
                0x000000000800424c       0x10 ./Drivers/STM32F3xx_HAL_Driver/Src/stm32f3xx_hal_rcc.o
                0x000000000800424c                aPredivFactorTable
                0x000000000800425c                . = ALIGN (0x4)

.rel.dyn        0x000000000800425c        0x0
 .rel.iplt      0x000000000800425c        0x0 c:/st/stm32cubeide_1.7.0/stm32cubeide/plugins/com.st.stm32cube.ide.mcu.externaltools.gnu-tools-for-stm32.9-2020-q2-update.win32_2.0.0.202105311346/tools/bin/../lib/gcc/arm-none-eabi/9.3.1/thumb/v7e-m+fp/hard/crtbegin.o

.ARM.extab      0x000000000800425c        0x0
                0x000000000800425c                . = ALIGN (0x4)
 *(.ARM.extab* .gnu.linkonce.armextab.*)
                0x000000000800425c                . = ALIGN (0x4)

.ARM            0x000000000800425c        0x0
                0x000000000800425c                . = ALIGN (0x4)
                0x000000000800425c                __exidx_start = .
 *(.ARM.exidx*)
                0x000000000800425c                __exidx_end = .
                0x000000000800425c                . = ALIGN (0x4)

.preinit_array  0x000000000800425c        0x0
                0x000000000800425c                . = ALIGN (0x4)
                0x000000000800425c                PROVIDE (__preinit_array_start = .)
 *(.preinit_array*)
                0x000000000800425c                PROVIDE (__preinit_array_end = .)
                0x000000000800425c                . = ALIGN (0x4)

.init_array     0x000000000800425c        0x4
                0x000000000800425c                . = ALIGN (0x4)
                0x000000000800425c                PROVIDE (__init_array_start = .)
 *(SORT_BY_NAME(.init_array.*))
 *(.init_array*)
 .init_array    0x000000000800425c        0x4 c:/st/stm32cubeide_1.7.0/stm32cubeide/plugins/com.st.stm32cube.ide.mcu.externaltools.gnu-tools-for-stm32.9-2020-q2-update.win32_2.0.0.202105311346/tools/bin/../lib/gcc/arm-none-eabi/9.3.1/thumb/v7e-m+fp/hard/crtbegin.o
                0x0000000008004260                PROVIDE (__init_array_end = .)
                0x0000000008004260                . = ALIGN (0x4)

.fini_array     0x0000000008004260        0x4
                0x0000000008004260                . = ALIGN (0x4)
                [!provide]                        PROVIDE (__fini_array_start = .)
 *(SORT_BY_NAME(.fini_array.*))
 *(.fini_array*)
 .fini_array    0x0000000008004260        0x4 c:/st/stm32cubeide_1.7.0/stm32cubeide/plugins/com.st.stm32cube.ide.mcu.externaltools.gnu-tools-for-stm32.9-2020-q2-update.win32_2.0.0.202105311346/tools/bin/../lib/gcc/arm-none-eabi/9.3.1/thumb/v7e-m+fp/hard/crtbegin.o
                [!provide]                        PROVIDE (__fini_array_end = .)
                0x0000000008004264                . = ALIGN (0x4)
                0x0000000008004264                _sidata = LOADADDR (.data)

.data           0x0000000020000000        0xc load address 0x0000000008004264
                0x0000000020000000                . = ALIGN (0x4)
                0x0000000020000000                _sdata = .
 *(.data)
 *(.data*)
 .data.SystemCoreClock
                0x0000000020000000        0x4 ./Core/Src/system_stm32f3xx.o
                0x0000000020000000                SystemCoreClock
 .data.uwTickPrio
                0x0000000020000004        0x4 ./Drivers/STM32F3xx_HAL_Driver/Src/stm32f3xx_hal.o
                0x0000000020000004                uwTickPrio
 .data.uwTickFreq
                0x0000000020000008        0x1 ./Drivers/STM32F3xx_HAL_Driver/Src/stm32f3xx_hal.o
                0x0000000020000008                uwTickFreq
 *(.RamFunc)
 *(.RamFunc*)
                0x000000002000000c                . = ALIGN (0x4)
 *fill*         0x0000000020000009        0x3 
                0x000000002000000c                _edata = .

.igot.plt       0x000000002000000c        0x0 load address 0x0000000008004270
 .igot.plt      0x000000002000000c        0x0 c:/st/stm32cubeide_1.7.0/stm32cubeide/plugins/com.st.stm32cube.ide.mcu.externaltools.gnu-tools-for-stm32.9-2020-q2-update.win32_2.0.0.202105311346/tools/bin/../lib/gcc/arm-none-eabi/9.3.1/thumb/v7e-m+fp/hard/crtbegin.o
                0x000000002000000c                . = ALIGN (0x4)

.bss            0x000000002000000c      0x10c load address 0x0000000008004270
                0x000000002000000c                _sbss = .
                0x000000002000000c                __bss_start__ = _sbss
 *(.bss)
 .bss           0x000000002000000c       0x1c c:/st/stm32cubeide_1.7.0/stm32cubeide/plugins/com.st.stm32cube.ide.mcu.externaltools.gnu-tools-for-stm32.9-2020-q2-update.win32_2.0.0.202105311346/tools/bin/../lib/gcc/arm-none-eabi/9.3.1/thumb/v7e-m+fp/hard/crtbegin.o
 *(.bss*)
 .bss._rotation
                0x0000000020000028        0x1 ./Core/Src/lcd_driver.o
                0x0000000020000028                _rotation
 *(COMMON)
 COMMON         0x0000000020000029        0x1 ./Core/Src/lcd_driver.o
                0x0000000020000029                lcd_id
 *fill*         0x000000002000002a        0x2 
 COMMON         0x000000002000002c       0x64 ./Core/Src/spi.o
                0x000000002000002c                hspi1
 COMMON         0x0000000020000090       0x84 ./Core/Src/usart.o
                0x0000000020000090                huart2
 COMMON         0x0000000020000114        0x4 ./Drivers/STM32F3xx_HAL_Driver/Src/stm32f3xx_hal.o
                0x0000000020000114                uwTick
                0x0000000020000118                . = ALIGN (0x4)
                0x0000000020000118                _ebss = .
                0x0000000020000118                __bss_end__ = _ebss

._user_heap_stack
                0x0000000020000118      0x600 load address 0x0000000008004270
                0x0000000020000118                . = ALIGN (0x8)
                [!provide]                        PROVIDE (end = .)
                0x0000000020000118                PROVIDE (_end = .)
                0x0000000020000318                . = (. + _Min_Heap_Size)
 *fill*         0x0000000020000118      0x200 
                0x0000000020000718                . = (. + _Min_Stack_Size)
 *fill*         0x0000000020000318      0x400 
                0x0000000020000718                . = ALIGN (0x8)

/DISCARD/
 libc.a(*)
 libm.a(*)
 libgcc.a(*)

.ARM.attributes
                0x0000000000000000       0x30
 *(.ARM.attributes)
 .ARM.attributes
                0x0000000000000000       0x1e c:/st/stm32cubeide_1.7.0/stm32cubeide/plugins/com.st.stm32cube.ide.mcu.externaltools.gnu-tools-for-stm32.9-2020-q2-update.win32_2.0.0.202105311346/tools/bin/../lib/gcc/arm-none-eabi/9.3.1/thumb/v7e-m+fp/hard/crti.o
 .ARM.attributes
                0x000000000000001e       0x34 c:/st/stm32cubeide_1.7.0/stm32cubeide/plugins/com.st.stm32cube.ide.mcu.externaltools.gnu-tools-for-stm32.9-2020-q2-update.win32_2.0.0.202105311346/tools/bin/../lib/gcc/arm-none-eabi/9.3.1/thumb/v7e-m+fp/hard/crtbegin.o
 .ARM.attributes
                0x0000000000000052       0x34 ./Core/Src/gpio.o
 .ARM.attributes
                0x0000000000000086       0x34 ./Core/Src/lcd_driver.o
 .ARM.attributes
                0x00000000000000ba       0x34 ./Core/Src/main.o
 .ARM.attributes
                0x00000000000000ee       0x34 ./Core/Src/spi.o
 .ARM.attributes
                0x0000000000000122       0x34 ./Core/Src/stm32f3xx_hal_msp.o
 .ARM.attributes
                0x0000000000000156       0x34 ./Core/Src/stm32f3xx_it.o
 .ARM.attributes
                0x000000000000018a       0x34 ./Core/Src/system_stm32f3xx.o
 .ARM.attributes
                0x00000000000001be       0x34 ./Core/Src/usart.o
 .ARM.attributes
                0x00000000000001f2       0x21 ./Core/Startup/startup_stm32f303retx.o
 .ARM.attributes
                0x0000000000000213       0x34 ./Drivers/STM32F3xx_HAL_Driver/Src/stm32f3xx_hal.o
 .ARM.attributes
                0x0000000000000247       0x34 ./Drivers/STM32F3xx_HAL_Driver/Src/stm32f3xx_hal_cortex.o
 .ARM.attributes
                0x000000000000027b       0x34 ./Drivers/STM32F3xx_HAL_Driver/Src/stm32f3xx_hal_gpio.o
 .ARM.attributes
                0x00000000000002af       0x34 ./Drivers/STM32F3xx_HAL_Driver/Src/stm32f3xx_hal_i2c_ex.o
 .ARM.attributes
                0x00000000000002e3       0x34 ./Drivers/STM32F3xx_HAL_Driver/Src/stm32f3xx_hal_rcc.o
 .ARM.attributes
                0x0000000000000317       0x34 ./Drivers/STM32F3xx_HAL_Driver/Src/stm32f3xx_hal_rcc_ex.o
 .ARM.attributes
                0x000000000000034b       0x34 ./Drivers/STM32F3xx_HAL_Driver/Src/stm32f3xx_hal_spi.o
 .ARM.attributes
                0x000000000000037f       0x34 ./Drivers/STM32F3xx_HAL_Driver/Src/stm32f3xx_hal_uart.o
 .ARM.attributes
                0x00000000000003b3       0x34 c:/st/stm32cubeide_1.7.0/stm32cubeide/plugins/com.st.stm32cube.ide.mcu.externaltools.gnu-tools-for-stm32.9-2020-q2-update.win32_2.0.0.202105311346/tools/bin/../lib/gcc/arm-none-eabi/9.3.1/../../../../arm-none-eabi/lib/thumb/v7e-m+fp/hard\libc_nano.a(lib_a-init.o)
 .ARM.attributes
                0x00000000000003e7       0x34 c:/st/stm32cubeide_1.7.0/stm32cubeide/plugins/com.st.stm32cube.ide.mcu.externaltools.gnu-tools-for-stm32.9-2020-q2-update.win32_2.0.0.202105311346/tools/bin/../lib/gcc/arm-none-eabi/9.3.1/../../../../arm-none-eabi/lib/thumb/v7e-m+fp/hard\libc_nano.a(lib_a-memset.o)
 .ARM.attributes
                0x000000000000041b       0x1e c:/st/stm32cubeide_1.7.0/stm32cubeide/plugins/com.st.stm32cube.ide.mcu.externaltools.gnu-tools-for-stm32.9-2020-q2-update.win32_2.0.0.202105311346/tools/bin/../lib/gcc/arm-none-eabi/9.3.1/thumb/v7e-m+fp/hard/crtn.o
OUTPUT(L05-01-TFT_F3.elf elf32-littlearm)
LOAD linker stubs
LOAD c:/st/stm32cubeide_1.7.0/stm32cubeide/plugins/com.st.stm32cube.ide.mcu.externaltools.gnu-tools-for-stm32.9-2020-q2-update.win32_2.0.0.202105311346/tools/bin/../lib/gcc/arm-none-eabi/9.3.1/../../../../arm-none-eabi/lib/thumb/v7e-m+fp/hard\libc.a
LOAD c:/st/stm32cubeide_1.7.0/stm32cubeide/plugins/com.st.stm32cube.ide.mcu.externaltools.gnu-tools-for-stm32.9-2020-q2-update.win32_2.0.0.202105311346/tools/bin/../lib/gcc/arm-none-eabi/9.3.1/../../../../arm-none-eabi/lib/thumb/v7e-m+fp/hard\libm.a
LOAD c:/st/stm32cubeide_1.7.0/stm32cubeide/plugins/com.st.stm32cube.ide.mcu.externaltools.gnu-tools-for-stm32.9-2020-q2-update.win32_2.0.0.202105311346/tools/bin/../lib/gcc/arm-none-eabi/9.3.1/thumb/v7e-m+fp/hard\libgcc.a

.debug_info     0x0000000000000000     0xc8f4
 .debug_info    0x0000000000000000      0x425 ./Core/Src/gpio.o
 .debug_info    0x0000000000000425     0x1be3 ./Core/Src/lcd_driver.o
 .debug_info    0x0000000000002008     0x1672 ./Core/Src/main.o
 .debug_info    0x000000000000367a      0x947 ./Core/Src/spi.o
 .debug_info    0x0000000000003fc1      0x299 ./Core/Src/stm32f3xx_hal_msp.o
 .debug_info    0x000000000000425a      0x225 ./Core/Src/stm32f3xx_it.o
 .debug_info    0x000000000000447f      0x49a ./Core/Src/system_stm32f3xx.o
 .debug_info    0x0000000000004919      0x9d2 ./Core/Src/usart.o
 .debug_info    0x00000000000052eb       0x22 ./Core/Startup/startup_stm32f303retx.o
 .debug_info    0x000000000000530d      0x86d ./Drivers/STM32F3xx_HAL_Driver/Src/stm32f3xx_hal.o
 .debug_info    0x0000000000005b7a      0xe74 ./Drivers/STM32F3xx_HAL_Driver/Src/stm32f3xx_hal_cortex.o
 .debug_info    0x00000000000069ee      0x83d ./Drivers/STM32F3xx_HAL_Driver/Src/stm32f3xx_hal_gpio.o
 .debug_info    0x000000000000722b      0xa2c ./Drivers/STM32F3xx_HAL_Driver/Src/stm32f3xx_hal_i2c_ex.o
 .debug_info    0x0000000000007c57     0x15c6 ./Drivers/STM32F3xx_HAL_Driver/Src/stm32f3xx_hal_rcc.o
 .debug_info    0x000000000000921d      0x716 ./Drivers/STM32F3xx_HAL_Driver/Src/stm32f3xx_hal_rcc_ex.o
 .debug_info    0x0000000000009933     0x17cb ./Drivers/STM32F3xx_HAL_Driver/Src/stm32f3xx_hal_spi.o
 .debug_info    0x000000000000b0fe     0x17f6 ./Drivers/STM32F3xx_HAL_Driver/Src/stm32f3xx_hal_uart.o

.debug_abbrev   0x0000000000000000     0x201f
 .debug_abbrev  0x0000000000000000      0x14e ./Core/Src/gpio.o
 .debug_abbrev  0x000000000000014e      0x32e ./Core/Src/lcd_driver.o
 .debug_abbrev  0x000000000000047c      0x264 ./Core/Src/main.o
 .debug_abbrev  0x00000000000006e0      0x1bb ./Core/Src/spi.o
 .debug_abbrev  0x000000000000089b      0x11d ./Core/Src/stm32f3xx_hal_msp.o
 .debug_abbrev  0x00000000000009b8       0xd2 ./Core/Src/stm32f3xx_it.o
 .debug_abbrev  0x0000000000000a8a      0x145 ./Core/Src/system_stm32f3xx.o
 .debug_abbrev  0x0000000000000bcf      0x1bb ./Core/Src/usart.o
 .debug_abbrev  0x0000000000000d8a       0x12 ./Core/Startup/startup_stm32f303retx.o
 .debug_abbrev  0x0000000000000d9c      0x1ed ./Drivers/STM32F3xx_HAL_Driver/Src/stm32f3xx_hal.o
 .debug_abbrev  0x0000000000000f89      0x33c ./Drivers/STM32F3xx_HAL_Driver/Src/stm32f3xx_hal_cortex.o
 .debug_abbrev  0x00000000000012c5      0x1e8 ./Drivers/STM32F3xx_HAL_Driver/Src/stm32f3xx_hal_gpio.o
 .debug_abbrev  0x00000000000014ad      0x1dd ./Drivers/STM32F3xx_HAL_Driver/Src/stm32f3xx_hal_i2c_ex.o
 .debug_abbrev  0x000000000000168a      0x2c4 ./Drivers/STM32F3xx_HAL_Driver/Src/stm32f3xx_hal_rcc.o
 .debug_abbrev  0x000000000000194e      0x23e ./Drivers/STM32F3xx_HAL_Driver/Src/stm32f3xx_hal_rcc_ex.o
 .debug_abbrev  0x0000000000001b8c      0x254 ./Drivers/STM32F3xx_HAL_Driver/Src/stm32f3xx_hal_spi.o
 .debug_abbrev  0x0000000000001de0      0x23f ./Drivers/STM32F3xx_HAL_Driver/Src/stm32f3xx_hal_uart.o

.debug_aranges  0x0000000000000000      0x9a0
 .debug_aranges
                0x0000000000000000       0x20 ./Core/Src/gpio.o
 .debug_aranges
                0x0000000000000020       0xc8 ./Core/Src/lcd_driver.o
 .debug_aranges
                0x00000000000000e8       0x30 ./Core/Src/main.o
 .debug_aranges
                0x0000000000000118       0x30 ./Core/Src/spi.o
 .debug_aranges
                0x0000000000000148       0x20 ./Core/Src/stm32f3xx_hal_msp.o
 .debug_aranges
                0x0000000000000168       0x60 ./Core/Src/stm32f3xx_it.o
 .debug_aranges
                0x00000000000001c8       0x28 ./Core/Src/system_stm32f3xx.o
 .debug_aranges
                0x00000000000001f0       0x30 ./Core/Src/usart.o
 .debug_aranges
                0x0000000000000220       0x28 ./Core/Startup/startup_stm32f303retx.o
 .debug_aranges
                0x0000000000000248       0xe0 ./Drivers/STM32F3xx_HAL_Driver/Src/stm32f3xx_hal.o
 .debug_aranges
                0x0000000000000328      0x118 ./Drivers/STM32F3xx_HAL_Driver/Src/stm32f3xx_hal_cortex.o
 .debug_aranges
                0x0000000000000440       0x58 ./Drivers/STM32F3xx_HAL_Driver/Src/stm32f3xx_hal_gpio.o
 .debug_aranges
                0x0000000000000498       0x48 ./Drivers/STM32F3xx_HAL_Driver/Src/stm32f3xx_hal_i2c_ex.o
 .debug_aranges
                0x00000000000004e0       0x88 ./Drivers/STM32F3xx_HAL_Driver/Src/stm32f3xx_hal_rcc.o
 .debug_aranges
                0x0000000000000568       0x38 ./Drivers/STM32F3xx_HAL_Driver/Src/stm32f3xx_hal_rcc_ex.o
 .debug_aranges
                0x00000000000005a0      0x1d8 ./Drivers/STM32F3xx_HAL_Driver/Src/stm32f3xx_hal_spi.o
 .debug_aranges
                0x0000000000000778      0x228 ./Drivers/STM32F3xx_HAL_Driver/Src/stm32f3xx_hal_uart.o

.debug_ranges   0x0000000000000000      0x8c8
 .debug_ranges  0x0000000000000000       0x10 ./Core/Src/gpio.o
 .debug_ranges  0x0000000000000010       0xb8 ./Core/Src/lcd_driver.o
 .debug_ranges  0x00000000000000c8       0x20 ./Core/Src/main.o
 .debug_ranges  0x00000000000000e8       0x20 ./Core/Src/spi.o
 .debug_ranges  0x0000000000000108       0x10 ./Core/Src/stm32f3xx_hal_msp.o
 .debug_ranges  0x0000000000000118       0x50 ./Core/Src/stm32f3xx_it.o
 .debug_ranges  0x0000000000000168       0x18 ./Core/Src/system_stm32f3xx.o
 .debug_ranges  0x0000000000000180       0x20 ./Core/Src/usart.o
 .debug_ranges  0x00000000000001a0       0x20 ./Core/Startup/startup_stm32f303retx.o
 .debug_ranges  0x00000000000001c0       0xd0 ./Drivers/STM32F3xx_HAL_Driver/Src/stm32f3xx_hal.o
 .debug_ranges  0x0000000000000290      0x108 ./Drivers/STM32F3xx_HAL_Driver/Src/stm32f3xx_hal_cortex.o
 .debug_ranges  0x0000000000000398       0x48 ./Drivers/STM32F3xx_HAL_Driver/Src/stm32f3xx_hal_gpio.o
 .debug_ranges  0x00000000000003e0       0x38 ./Drivers/STM32F3xx_HAL_Driver/Src/stm32f3xx_hal_i2c_ex.o
 .debug_ranges  0x0000000000000418       0x78 ./Drivers/STM32F3xx_HAL_Driver/Src/stm32f3xx_hal_rcc.o
 .debug_ranges  0x0000000000000490       0x28 ./Drivers/STM32F3xx_HAL_Driver/Src/stm32f3xx_hal_rcc_ex.o
 .debug_ranges  0x00000000000004b8      0x1c8 ./Drivers/STM32F3xx_HAL_Driver/Src/stm32f3xx_hal_spi.o
 .debug_ranges  0x0000000000000680      0x248 ./Drivers/STM32F3xx_HAL_Driver/Src/stm32f3xx_hal_uart.o

.debug_macro    0x0000000000000000    0x1feba
 .debug_macro   0x0000000000000000      0x1f1 ./Core/Src/gpio.o
 .debug_macro   0x00000000000001f1      0x157 ./Core/Src/gpio.o
 .debug_macro   0x0000000000000348       0x2e ./Core/Src/gpio.o
 .debug_macro   0x0000000000000376       0x28 ./Core/Src/gpio.o
 .debug_macro   0x000000000000039e       0x1c ./Core/Src/gpio.o
 .debug_macro   0x00000000000003ba       0x22 ./Core/Src/gpio.o
 .debug_macro   0x00000000000003dc       0xdf ./Core/Src/gpio.o
 .debug_macro   0x00000000000004bb     0x102d ./Core/Src/gpio.o
 .debug_macro   0x00000000000014e8      0x11f ./Core/Src/gpio.o
 .debug_macro   0x0000000000001607    0x15353 ./Core/Src/gpio.o
 .debug_macro   0x000000000001695a       0x43 ./Core/Src/gpio.o
 .debug_macro   0x000000000001699d     0x35e9 ./Core/Src/gpio.o
 .debug_macro   0x0000000000019f86      0x174 ./Core/Src/gpio.o
 .debug_macro   0x000000000001a0fa       0x55 ./Core/Src/gpio.o
 .debug_macro   0x000000000001a14f      0x954 ./Core/Src/gpio.o
 .debug_macro   0x000000000001aaa3      0x84a ./Core/Src/gpio.o
 .debug_macro   0x000000000001b2ed      0x12f ./Core/Src/gpio.o
 .debug_macro   0x000000000001b41c      0x23a ./Core/Src/gpio.o
 .debug_macro   0x000000000001b656      0x1ea ./Core/Src/gpio.o
 .debug_macro   0x000000000001b840      0x1bc ./Core/Src/gpio.o
 .debug_macro   0x000000000001b9fc       0x30 ./Core/Src/gpio.o
 .debug_macro   0x000000000001ba2c       0x3c ./Core/Src/gpio.o
 .debug_macro   0x000000000001ba68      0x236 ./Core/Src/gpio.o
 .debug_macro   0x000000000001bc9e       0xc5 ./Core/Src/gpio.o
 .debug_macro   0x000000000001bd63      0x21d ./Core/Src/gpio.o
 .debug_macro   0x000000000001bf80      0x22c ./Core/Src/gpio.o
 .debug_macro   0x000000000001c1ac       0x5b ./Core/Src/gpio.o
 .debug_macro   0x000000000001c207       0xa5 ./Core/Src/gpio.o
 .debug_macro   0x000000000001c2ac       0x81 ./Core/Src/gpio.o
 .debug_macro   0x000000000001c32d       0xd3 ./Core/Src/gpio.o
 .debug_macro   0x000000000001c400      0x2fe ./Core/Src/gpio.o
 .debug_macro   0x000000000001c6fe      0x5a5 ./Core/Src/gpio.o
 .debug_macro   0x000000000001cca3       0x44 ./Core/Src/gpio.o
 .debug_macro   0x000000000001cce7      0x347 ./Core/Src/gpio.o
 .debug_macro   0x000000000001d02e       0x70 ./Core/Src/gpio.o
 .debug_macro   0x000000000001d09e      0x3b4 ./Core/Src/lcd_driver.o
 .debug_macro   0x000000000001d452       0x52 ./Core/Src/lcd_driver.o
 .debug_macro   0x000000000001d4a4       0x18 ./Core/Src/lcd_driver.o
 .debug_macro   0x000000000001d4bc       0x3c ./Core/Src/lcd_driver.o
 .debug_macro   0x000000000001d4f8       0x34 ./Core/Src/lcd_driver.o
 .debug_macro   0x000000000001d52c       0x16 ./Core/Src/lcd_driver.o
 .debug_macro   0x000000000001d542       0x43 ./Core/Src/lcd_driver.o
 .debug_macro   0x000000000001d585       0x34 ./Core/Src/lcd_driver.o
 .debug_macro   0x000000000001d5b9       0x10 ./Core/Src/lcd_driver.o
 .debug_macro   0x000000000001d5c9       0x58 ./Core/Src/lcd_driver.o
 .debug_macro   0x000000000001d621       0x71 ./Core/Src/lcd_driver.o
 .debug_macro   0x000000000001d692       0x1c ./Core/Src/lcd_driver.o
 .debug_macro   0x000000000001d6ae      0x12a ./Core/Src/lcd_driver.o
 .debug_macro   0x000000000001d7d8      0x333 ./Core/Src/lcd_driver.o
 .debug_macro   0x000000000001db0b      0x1a9 ./Core/Src/lcd_driver.o
 .debug_macro   0x000000000001dcb4       0x16 ./Core/Src/lcd_driver.o
 .debug_macro   0x000000000001dcca       0x35 ./Core/Src/lcd_driver.o
 .debug_macro   0x000000000001dcff       0x16 ./Core/Src/lcd_driver.o
 .debug_macro   0x000000000001dd15       0x29 ./Core/Src/lcd_driver.o
 .debug_macro   0x000000000001dd3e       0x1c ./Core/Src/lcd_driver.o
 .debug_macro   0x000000000001dd5a       0x10 ./Core/Src/lcd_driver.o
 .debug_macro   0x000000000001dd6a       0x10 ./Core/Src/lcd_driver.o
 .debug_macro   0x000000000001dd7a       0x1c ./Core/Src/lcd_driver.o
 .debug_macro   0x000000000001dd96       0x52 ./Core/Src/lcd_driver.o
 .debug_macro   0x000000000001dde8       0x22 ./Core/Src/lcd_driver.o
 .debug_macro   0x000000000001de0a       0x10 ./Core/Src/lcd_driver.o
 .debug_macro   0x000000000001de1a       0x40 ./Core/Src/lcd_driver.o
 .debug_macro   0x000000000001de5a       0xd5 ./Core/Src/lcd_driver.o
 .debug_macro   0x000000000001df2f       0x1c ./Core/Src/lcd_driver.o
 .debug_macro   0x000000000001df4b       0x3d ./Core/Src/lcd_driver.o
 .debug_macro   0x000000000001df88       0x16 ./Core/Src/lcd_driver.o
 .debug_macro   0x000000000001df9e      0x145 ./Core/Src/lcd_driver.o
 .debug_macro   0x000000000001e0e3      0x124 ./Core/Src/lcd_driver.o
 .debug_macro   0x000000000001e207      0x3bc ./Core/Src/main.o
 .debug_macro   0x000000000001e5c3      0x1f1 ./Core/Src/spi.o
 .debug_macro   0x000000000001e7b4      0x1e7 ./Core/Src/stm32f3xx_hal_msp.o
 .debug_macro   0x000000000001e99b      0x1f1 ./Core/Src/stm32f3xx_it.o
 .debug_macro   0x000000000001eb8c      0x1d8 ./Core/Src/system_stm32f3xx.o
 .debug_macro   0x000000000001ed64      0x1f1 ./Core/Src/usart.o
 .debug_macro   0x000000000001ef55      0x1fc ./Drivers/STM32F3xx_HAL_Driver/Src/stm32f3xx_hal.o
 .debug_macro   0x000000000001f151      0x1d8 ./Drivers/STM32F3xx_HAL_Driver/Src/stm32f3xx_hal_cortex.o
 .debug_macro   0x000000000001f329      0x210 ./Drivers/STM32F3xx_HAL_Driver/Src/stm32f3xx_hal_gpio.o
 .debug_macro   0x000000000001f539      0x1d8 ./Drivers/STM32F3xx_HAL_Driver/Src/stm32f3xx_hal_i2c_ex.o
 .debug_macro   0x000000000001f711      0x1fc ./Drivers/STM32F3xx_HAL_Driver/Src/stm32f3xx_hal_rcc.o
 .debug_macro   0x000000000001f90d      0x1d8 ./Drivers/STM32F3xx_HAL_Driver/Src/stm32f3xx_hal_rcc_ex.o
 .debug_macro   0x000000000001fae5      0x1e0 ./Drivers/STM32F3xx_HAL_Driver/Src/stm32f3xx_hal_spi.o
 .debug_macro   0x000000000001fcc5      0x1f5 ./Drivers/STM32F3xx_HAL_Driver/Src/stm32f3xx_hal_uart.o

.debug_line     0x0000000000000000     0xcf2a
 .debug_line    0x0000000000000000      0x728 ./Core/Src/gpio.o
 .debug_line    0x0000000000000728     0x1088 ./Core/Src/lcd_driver.o
 .debug_line    0x00000000000017b0      0x9ea ./Core/Src/main.o
 .debug_line    0x000000000000219a      0x76a ./Core/Src/spi.o
 .debug_line    0x0000000000002904      0x6f3 ./Core/Src/stm32f3xx_hal_msp.o
 .debug_line    0x0000000000002ff7      0x7b4 ./Core/Src/stm32f3xx_it.o
 .debug_line    0x00000000000037ab      0x76d ./Core/Src/system_stm32f3xx.o
 .debug_line    0x0000000000003f18      0x761 ./Core/Src/usart.o
 .debug_line    0x0000000000004679       0x88 ./Core/Startup/startup_stm32f303retx.o
 .debug_line    0x0000000000004701      0x99d ./Drivers/STM32F3xx_HAL_Driver/Src/stm32f3xx_hal.o
 .debug_line    0x000000000000509e      0xc62 ./Drivers/STM32F3xx_HAL_Driver/Src/stm32f3xx_hal_cortex.o
 .debug_line    0x0000000000005d00      0xb30 ./Drivers/STM32F3xx_HAL_Driver/Src/stm32f3xx_hal_gpio.o
 .debug_line    0x0000000000006830      0x90f ./Drivers/STM32F3xx_HAL_Driver/Src/stm32f3xx_hal_i2c_ex.o
 .debug_line    0x000000000000713f     0x138e ./Drivers/STM32F3xx_HAL_Driver/Src/stm32f3xx_hal_rcc.o
 .debug_line    0x00000000000084cd      0xeb9 ./Drivers/STM32F3xx_HAL_Driver/Src/stm32f3xx_hal_rcc_ex.o
 .debug_line    0x0000000000009386     0x1f05 ./Drivers/STM32F3xx_HAL_Driver/Src/stm32f3xx_hal_spi.o
 .debug_line    0x000000000000b28b     0x1c9f ./Drivers/STM32F3xx_HAL_Driver/Src/stm32f3xx_hal_uart.o

.debug_str      0x0000000000000000    0xc38c1
 .debug_str     0x0000000000000000    0xbba35 ./Core/Src/gpio.o
                                      0xbc0ea (size before relaxing)
 .debug_str     0x00000000000bba35     0x572b ./Core/Src/lcd_driver.o
                                      0xc18a2 (size before relaxing)
 .debug_str     0x00000000000c1160      0x38d ./Core/Src/main.o
                                      0xc1979 (size before relaxing)
 .debug_str     0x00000000000c14ed       0x4b ./Core/Src/spi.o
                                      0xbc4ed (size before relaxing)
 .debug_str     0x00000000000c1538       0x2c ./Core/Src/stm32f3xx_hal_msp.o
                                      0xbc04d (size before relaxing)
 .debug_str     0x00000000000c1564       0xbd ./Core/Src/stm32f3xx_it.o
                                      0xbc084 (size before relaxing)
 .debug_str     0x00000000000c1621       0xbd ./Core/Src/system_stm32f3xx.o
                                      0xbbf47 (size before relaxing)
 .debug_str     0x00000000000c16de       0x57 ./Core/Src/usart.o
                                      0xbc51a (size before relaxing)
 .debug_str     0x00000000000c1735       0x36 ./Core/Startup/startup_stm32f303retx.o
                                         0x5e (size before relaxing)
 .debug_str     0x00000000000c176b      0x674 ./Drivers/STM32F3xx_HAL_Driver/Src/stm32f3xx_hal.o
                                      0xbc74e (size before relaxing)
 .debug_str     0x00000000000c1ddf      0x3b1 ./Drivers/STM32F3xx_HAL_Driver/Src/stm32f3xx_hal_cortex.o
                                      0xbc85c (size before relaxing)
 .debug_str     0x00000000000c2190      0x27e ./Drivers/STM32F3xx_HAL_Driver/Src/stm32f3xx_hal_gpio.o
                                      0xbc225 (size before relaxing)
 .debug_str     0x00000000000c240e      0x2f9 ./Drivers/STM32F3xx_HAL_Driver/Src/stm32f3xx_hal_i2c_ex.o
                                      0xbc50a (size before relaxing)
 .debug_str     0x00000000000c2707      0x2fc ./Drivers/STM32F3xx_HAL_Driver/Src/stm32f3xx_hal_rcc.o
                                      0xbc3b9 (size before relaxing)
 .debug_str     0x00000000000c2a03       0xd8 ./Drivers/STM32F3xx_HAL_Driver/Src/stm32f3xx_hal_rcc_ex.o
                                      0xbc203 (size before relaxing)
 .debug_str     0x00000000000c2adb      0x596 ./Drivers/STM32F3xx_HAL_Driver/Src/stm32f3xx_hal_spi.o
                                      0xbc83c (size before relaxing)
 .debug_str     0x00000000000c3071      0x850 ./Drivers/STM32F3xx_HAL_Driver/Src/stm32f3xx_hal_uart.o
                                      0xbcba2 (size before relaxing)

.comment        0x0000000000000000       0x53
 .comment       0x0000000000000000       0x53 ./Core/Src/gpio.o
                                         0x54 (size before relaxing)
 .comment       0x0000000000000053       0x54 ./Core/Src/lcd_driver.o
 .comment       0x0000000000000053       0x54 ./Core/Src/main.o
 .comment       0x0000000000000053       0x54 ./Core/Src/spi.o
 .comment       0x0000000000000053       0x54 ./Core/Src/stm32f3xx_hal_msp.o
 .comment       0x0000000000000053       0x54 ./Core/Src/stm32f3xx_it.o
 .comment       0x0000000000000053       0x54 ./Core/Src/system_stm32f3xx.o
 .comment       0x0000000000000053       0x54 ./Core/Src/usart.o
 .comment       0x0000000000000053       0x54 ./Drivers/STM32F3xx_HAL_Driver/Src/stm32f3xx_hal.o
 .comment       0x0000000000000053       0x54 ./Drivers/STM32F3xx_HAL_Driver/Src/stm32f3xx_hal_cortex.o
 .comment       0x0000000000000053       0x54 ./Drivers/STM32F3xx_HAL_Driver/Src/stm32f3xx_hal_gpio.o
 .comment       0x0000000000000053       0x54 ./Drivers/STM32F3xx_HAL_Driver/Src/stm32f3xx_hal_i2c_ex.o
 .comment       0x0000000000000053       0x54 ./Drivers/STM32F3xx_HAL_Driver/Src/stm32f3xx_hal_rcc.o
 .comment       0x0000000000000053       0x54 ./Drivers/STM32F3xx_HAL_Driver/Src/stm32f3xx_hal_rcc_ex.o
 .comment       0x0000000000000053       0x54 ./Drivers/STM32F3xx_HAL_Driver/Src/stm32f3xx_hal_spi.o
 .comment       0x0000000000000053       0x54 ./Drivers/STM32F3xx_HAL_Driver/Src/stm32f3xx_hal_uart.o

.debug_frame    0x0000000000000000     0x25cc
 .debug_frame   0x0000000000000000       0x34 ./Core/Src/gpio.o
 .debug_frame   0x0000000000000034      0x344 ./Core/Src/lcd_driver.o
 .debug_frame   0x0000000000000378       0x70 ./Core/Src/main.o
 .debug_frame   0x00000000000003e8       0x74 ./Core/Src/spi.o
 .debug_frame   0x000000000000045c       0x34 ./Core/Src/stm32f3xx_hal_msp.o
 .debug_frame   0x0000000000000490      0x104 ./Core/Src/stm32f3xx_it.o
 .debug_frame   0x0000000000000594       0x58 ./Core/Src/system_stm32f3xx.o
 .debug_frame   0x00000000000005ec       0x74 ./Core/Src/usart.o
 .debug_frame   0x0000000000000660      0x334 ./Drivers/STM32F3xx_HAL_Driver/Src/stm32f3xx_hal.o
 .debug_frame   0x0000000000000994      0x498 ./Drivers/STM32F3xx_HAL_Driver/Src/stm32f3xx_hal_cortex.o
 .debug_frame   0x0000000000000e2c      0x14c ./Drivers/STM32F3xx_HAL_Driver/Src/stm32f3xx_hal_gpio.o
 .debug_frame   0x0000000000000f78      0x100 ./Drivers/STM32F3xx_HAL_Driver/Src/stm32f3xx_hal_i2c_ex.o
 .debug_frame   0x0000000000001078      0x214 ./Drivers/STM32F3xx_HAL_Driver/Src/stm32f3xx_hal_rcc.o
 .debug_frame   0x000000000000128c       0xb4 ./Drivers/STM32F3xx_HAL_Driver/Src/stm32f3xx_hal_rcc_ex.o
 .debug_frame   0x0000000000001340      0x860 ./Drivers/STM32F3xx_HAL_Driver/Src/stm32f3xx_hal_spi.o
 .debug_frame   0x0000000000001ba0      0x9e0 ./Drivers/STM32F3xx_HAL_Driver/Src/stm32f3xx_hal_uart.o
 .debug_frame   0x0000000000002580       0x2c c:/st/stm32cubeide_1.7.0/stm32cubeide/plugins/com.st.stm32cube.ide.mcu.externaltools.gnu-tools-for-stm32.9-2020-q2-update.win32_2.0.0.202105311346/tools/bin/../lib/gcc/arm-none-eabi/9.3.1/../../../../arm-none-eabi/lib/thumb/v7e-m+fp/hard\libc_nano.a(lib_a-init.o)
 .debug_frame   0x00000000000025ac       0x20 c:/st/stm32cubeide_1.7.0/stm32cubeide/plugins/com.st.stm32cube.ide.mcu.externaltools.gnu-tools-for-stm32.9-2020-q2-update.win32_2.0.0.202105311346/tools/bin/../lib/gcc/arm-none-eabi/9.3.1/../../../../arm-none-eabi/lib/thumb/v7e-m+fp/hard\libc_nano.a(lib_a-memset.o)
